2025-07-26 08:59:15 - ORDER_CREATION - Transaction created - Order: 1f7f278a8721aaa33cf8603ed502cdf3, Transaction: 22b5ae970598dab174ab123bf73bf238, Amount: 1
2025-07-26 08:59:16 - ORDER_CREATION - Cashfree order created successfully - Order: 1f7f278a8721aaa33cf8603ed502cdf3, Cashfree ID: ORD-20250726-1F7F27
2025-07-26 11:03:55 - ORDER_CREATION - Transaction created - Order: 5c78ee41576099b977ea900580e73e66, Transaction: e29f5eb2b963499049e931e1b336e3a5, Amount: 1
2025-07-26 11:03:56 - ORDER_CREATION - Cashfree order created successfully - Order: 5c78ee41576099b977ea900580e73e66, Cashfree ID: ORD-20250726-5C78EE
2025-07-26 11:05:07 - ORDER_CREATION - Transaction created - Order: 6e238c17c05067d9fb474cebad18a961, Transaction: 0fe666ea958a0c4d8895f00f342b8ab4, Amount: 1
2025-07-26 11:05:08 - ORDER_CREATION - Cashfree order created successfully - Order: 6e238c17c05067d9fb474cebad18a961, Cashfree ID: ORD-20250726-6E238C
2025-07-26 11:06:24 - ORDER_CREATION - Transaction created - Order: a60de5043ca3ff57e92b78fee74fb151, Transaction: aa9d8727ddb374f62f1f314b2ca0b1f7, Amount: 1
2025-07-26 11:06:25 - ORDER_CREATION - Cashfree order created successfully - Order: a60de5043ca3ff57e92b78fee74fb151, Cashfree ID: ORD-20250726-A60DE5
2025-07-26 11:15:47 - ORDER_CREATION - Transaction created - Order: 54a3b585d9cd158c03f6cc7bddc73b2b, Transaction: 83cc1cfdbce05c5a5cad06284a7c6843, Amount: 1
2025-07-26 11:15:48 - ORDER_CREATION - Cashfree order created successfully - Order: 54a3b585d9cd158c03f6cc7bddc73b2b, Cashfree ID: ORD-20250726-54A3B5
2025-07-26 11:17:18 - ORDER_CREATION - Transaction created - Order: 31228c0792389b5fb7005a75b91cb6f3, Transaction: 3fc901632ecb7b868db39247311cf9bb, Amount: 1
2025-07-26 11:17:18 - ORDER_CREATION - Cashfree order created successfully - Order: 31228c0792389b5fb7005a75b91cb6f3, Cashfree ID: ORD-20250726-31228C
2025-07-26 11:19:52 - ORDER_CREATION - Transaction created - Order: b458ccbec8997758f335321f9ab5b38e, Transaction: 015152447e0725fa7950247b68945bb3, Amount: 1
2025-07-26 11:19:53 - ORDER_CREATION - Cashfree order created successfully - Order: b458ccbec8997758f335321f9ab5b38e, Cashfree ID: ORD-20250726-B458CC
2025-07-26 12:12:25 - ORDER_CREATION - Transaction created - Order: e54c99ea571ecef7518790e0640d1775, Transaction: edf7a7d20dc6568e255f39af4397b08b, Amount: 1
2025-07-26 12:12:26 - ORDER_CREATION - Cashfree order created successfully - Order: e54c99ea571ecef7518790e0640d1775, Cashfree ID: ORD-20250726-E54C99
2025-07-26 12:37:44 - ORDER_CREATION - Transaction created - Order: 95c602d86ddc39b68cbcb6c41807ac8f, Transaction: cb9b8561775ac7fb63d1a5b8de1f1984, Amount: 1
2025-07-26 12:37:45 - ORDER_CREATION - Cashfree order created successfully - Order: 95c602d86ddc39b68cbcb6c41807ac8f, Cashfree ID: ORD-20250726-95C602, Items: 1
2025-07-26 13:25:09 - ORDER_CREATION - Transaction created - Order: 0ec9aa21f64dd692121adbf927b7621f, Transaction: bfed408fe82fadda53b144780e04bf75, Amount: 1
2025-07-26 13:25:10 - ORDER_CREATION - Cashfree order created successfully - Order: 0ec9aa21f64dd692121adbf927b7621f, Cashfree ID: ORD-20250726-0EC9AA, Items: 1
2025-07-27 09:52:01 - ORDER_CREATION - Transaction created - Order: d58a6823a34c00a15d946fb1145500cc, Transaction: 83e8d1ec2fdf98e0dc06f821967fccf8, Amount: 1
2025-07-27 09:52:02 - ORDER_CREATION - Cashfree order created successfully - Order: d58a6823a34c00a15d946fb1145500cc, Cashfree ID: ORD-20250727-D58A68, Items: 1
2025-07-27 09:53:15 - ORDER_CREATION - Transaction created - Order: 601c805b7815a219bf6203521f54d69d, Transaction: 4daa66027b5279c81e2520432b3a8770, Amount: 1
2025-07-27 09:53:16 - ORDER_CREATION - Cashfree order created successfully - Order: 601c805b7815a219bf6203521f54d69d, Cashfree ID: ORD-20250727-601C80, Items: 1
2025-07-27 09:53:41 - ORDER_CREATION - Transaction created - Order: 64f69180c355bd11da2530ce2dd42589, Transaction: 2fa7023a88344cbf80fab2962520176b, Amount: 1
2025-07-27 09:53:42 - ORDER_CREATION - Cashfree order created successfully - Order: 64f69180c355bd11da2530ce2dd42589, Cashfree ID: ORD-20250727-64F691, Items: 1
2025-07-27 09:54:14 - ORDER_CREATION - Transaction created - Order: 5201f82d37d1278768793f05b344c681, Transaction: ed48dbf45db808ccad14bdb829a3d73e, Amount: 1
2025-07-27 09:54:15 - ORDER_CREATION - Cashfree order created successfully - Order: 5201f82d37d1278768793f05b344c681, Cashfree ID: ORD-20250727-5201F8, Items: 1
2025-07-27 09:55:06 - ORDER_CREATION - Transaction created - Order: 176a1a94df9f0a6efe01a4b8f14d935b, Transaction: eb03f632ec73034a9ed468afaa8d453e, Amount: 1
2025-07-27 09:55:07 - ORDER_CREATION - Cashfree order created successfully - Order: 176a1a94df9f0a6efe01a4b8f14d935b, Cashfree ID: ORD-20250727-176A1A, Items: 1
2025-07-27 09:56:21 - ORDER_CREATION - Transaction created - Order: d64aa78b0b87c1e0a9ce134a329396e2, Transaction: 7b3017e7b366dcfa3aa79872a0bf56fe, Amount: 1
2025-07-27 09:56:21 - ORDER_CREATION - Cashfree order created successfully - Order: d64aa78b0b87c1e0a9ce134a329396e2, Cashfree ID: ORD-20250727-D64AA7, Items: 1
